{
    "homo_sapiens - raw ratio - binary classification, no segment merging": {
        "content": [
            {
                "0": [
                    [
                        {
                            "id": "test"
                        },
                        "test.RT_domains.bed:md5,fa9422d52775360cc022d71b7308013a"
                    ]
                ],
                "1": [
                    [
                        {
                            "id": "test"
                        },
                        "test.RT_domains.early.bed:md5,d41d8cd98f00b204e9800998ecf8427e"
                    ]
                ],
                "2": [
                    [
                        {
                            "id": "test"
                        },
                        "test.RT_domains.late.bed:md5,b86eb7184b21d177470fd3b73f59f7b1"
                    ]
                ],
                "3": [
                    
                ],
                "4": [
                    [
                        {
                            "id": "test"
                        },
                        "test.RT_domains.qc.txt:md5,f357ce979f51f9824982f34ce7862cc6"
                    ]
                ],
                "5": [
                    [
                        "REPLISEQ_RT_DOMAINS",
                        "r-base",
                        "4.5.3"
                    ]
                ],
                "6": [
                    [
                        "REPLISEQ_RT_DOMAINS",
                        "bioconductor-dnacopy",
                        "1.86.0"
                    ]
                ],
                "domains": [
                    [
                        {
                            "id": "test"
                        },
                        "test.RT_domains.bed:md5,fa9422d52775360cc022d71b7308013a"
                    ]
                ],
                "early": [
                    [
                        {
                            "id": "test"
                        },
                        "test.RT_domains.early.bed:md5,d41d8cd98f00b204e9800998ecf8427e"
                    ]
                ],
                "late": [
                    [
                        {
                            "id": "test"
                        },
                        "test.RT_domains.late.bed:md5,b86eb7184b21d177470fd3b73f59f7b1"
                    ]
                ],
                "mid": [
                    
                ],
                "qc": [
                    [
                        {
                            "id": "test"
                        },
                        "test.RT_domains.qc.txt:md5,f357ce979f51f9824982f34ce7862cc6"
                    ]
                ],
                "versions_dnacopy": [
                    [
                        "REPLISEQ_RT_DOMAINS",
                        "bioconductor-dnacopy",
                        "1.86.0"
                    ]
                ],
                "versions_r": [
                    [
                        "REPLISEQ_RT_DOMAINS",
                        "r-base",
                        "4.5.3"
                    ]
                ]
            }
        ],
        "timestamp": "2026-08-20T15:13:27.677989497",
        "meta": {
            "nf-test": "0.9.5",
            "nextflow": "26.04.6"
        }
    },
    "homo_sapiens - smoothed ratio - stub": {
        "content": [
            {
                "0": [
                    [
                        {
                            "id": "test"
                        },
                        "test.RT_domains.bed:md5,d41d8cd98f00b204e9800998ecf8427e"
                    ]
                ],
                "1": [
                    [
                        {
                            "id": "test"
                        },
                        "test.RT_domains.early.bed:md5,d41d8cd98f00b204e9800998ecf8427e"
                    ]
                ],
                "2": [
                    [
                        {
                            "id": "test"
                        },
                        "test.RT_domains.late.bed:md5,d41d8cd98f00b204e9800998ecf8427e"
                    ]
                ],
                "3": [
                    
                ],
                "4": [
                    [
                        {
                            "id": "test"
                        },
                        "test.RT_domains.qc.txt:md5,d41d8cd98f00b204e9800998ecf8427e"
                    ]
                ],
                "5": [
                    [
                        "REPLISEQ_RT_DOMAINS",
                        "r-base",
                        "4.5.3"
                    ]
                ],
                "6": [
                    [
                        "REPLISEQ_RT_DOMAINS",
                        "bioconductor-dnacopy",
                        "1.86.0"
                    ]
                ],
                "domains": [
                    [
                        {
                            "id": "test"
                        },
                        "test.RT_domains.bed:md5,d41d8cd98f00b204e9800998ecf8427e"
                    ]
                ],
                "early": [
                    [
                        {
                            "id": "test"
                        },
                        "test.RT_domains.early.bed:md5,d41d8cd98f00b204e9800998ecf8427e"
                    ]
                ],
                "late": [
                    [
                        {
                            "id": "test"
                        },
                        "test.RT_domains.late.bed:md5,d41d8cd98f00b204e9800998ecf8427e"
                    ]
                ],
                "mid": [
                    
                ],
                "qc": [
                    [
                        {
                            "id": "test"
                        },
                        "test.RT_domains.qc.txt:md5,d41d8cd98f00b204e9800998ecf8427e"
                    ]
                ],
                "versions_dnacopy": [
                    [
                        "REPLISEQ_RT_DOMAINS",
                        "bioconductor-dnacopy",
                        "1.86.0"
                    ]
                ],
                "versions_r": [
                    [
                        "REPLISEQ_RT_DOMAINS",
                        "r-base",
                        "4.5.3"
                    ]
                ]
            }
        ],
        "timestamp": "2026-08-20T15:13:42.570058936",
        "meta": {
            "nf-test": "0.9.5",
            "nextflow": "26.04.6"
        }
    },
    "homo_sapiens - smoothed ratio - three-way classification": {
        "content": [
            {
                "0": [
                    [
                        {
                            "id": "test"
                        },
                        "test.RT_domains.bed:md5,9d6f29f877fbf4f099dd0237b4ccd0af"
                    ]
                ],
                "1": [
                    [
                        {
                            "id": "test"
                        },
                        "test.RT_domains.early.bed:md5,52bb6d8844a641410c61870e420d54a0"
                    ]
                ],
                "2": [
                    [
                        {
                            "id": "test"
                        },
                        "test.RT_domains.late.bed:md5,f8ddb1370df978b1df723ea3c72331b7"
                    ]
                ],
                "3": [
                    [
                        {
                            "id": "test"
                        },
                        "test.RT_domains.mid.bed:md5,4daacd8479e60ef21d40df7dde26102f"
                    ]
                ],
                "4": [
                    [
                        {
                            "id": "test"
                        },
                        "test.RT_domains.qc.txt:md5,68972d5ddda3adfc79577abeb28a1ff2"
                    ]
                ],
                "5": [
                    [
                        "REPLISEQ_RT_DOMAINS",
                        "r-base",
                        "4.5.3"
                    ]
                ],
                "6": [
                    [
                        "REPLISEQ_RT_DOMAINS",
                        "bioconductor-dnacopy",
                        "1.86.0"
                    ]
                ],
                "domains": [
                    [
                        {
                            "id": "test"
                        },
                        "test.RT_domains.bed:md5,9d6f29f877fbf4f099dd0237b4ccd0af"
                    ]
                ],
                "early": [
                    [
                        {
                            "id": "test"
                        },
                        "test.RT_domains.early.bed:md5,52bb6d8844a641410c61870e420d54a0"
                    ]
                ],
                "late": [
                    [
                        {
                            "id": "test"
                        },
                        "test.RT_domains.late.bed:md5,f8ddb1370df978b1df723ea3c72331b7"
                    ]
                ],
                "mid": [
                    [
                        {
                            "id": "test"
                        },
                        "test.RT_domains.mid.bed:md5,4daacd8479e60ef21d40df7dde26102f"
                    ]
                ],
                "qc": [
                    [
                        {
                            "id": "test"
                        },
                        "test.RT_domains.qc.txt:md5,68972d5ddda3adfc79577abeb28a1ff2"
                    ]
                ],
                "versions_dnacopy": [
                    [
                        "REPLISEQ_RT_DOMAINS",
                        "bioconductor-dnacopy",
                        "1.86.0"
                    ]
                ],
                "versions_r": [
                    [
                        "REPLISEQ_RT_DOMAINS",
                        "r-base",
                        "4.5.3"
                    ]
                ]
            }
        ],
        "timestamp": "2026-08-20T15:12:35.867564727",
        "meta": {
            "nf-test": "0.9.5",
            "nextflow": "26.04.6"
        }
    }
}