{
    "fastq_align_strobealign_paired_end - stub": {
        "content": [
            {
                "0": [
                    [
                        {
                            "id": "test",
                            "single_end": false
                        },
                        "test.Lb.bam:md5,d41d8cd98f00b204e9800998ecf8427e"
                    ]
                ],
                "1": [
                    [
                        {
                            "id": "test",
                            "single_end": false
                        },
                        "test.Lb.bam.bai:md5,d41d8cd98f00b204e9800998ecf8427e"
                    ]
                ],
                "2": [
                    [
                        {
                            "id": "test",
                            "single_end": false
                        },
                        "test.stats:md5,d41d8cd98f00b204e9800998ecf8427e"
                    ]
                ],
                "3": [
                    [
                        {
                            "id": "test",
                            "single_end": false
                        },
                        "test.flagstat:md5,67394650dbae96d1a4fcc70484822159"
                    ]
                ],
                "4": [
                    [
                        {
                            "id": "test",
                            "single_end": false
                        },
                        "test.idxstats:md5,d41d8cd98f00b204e9800998ecf8427e"
                    ]
                ],
                "bam": [
                    [
                        {
                            "id": "test",
                            "single_end": false
                        },
                        "test.Lb.bam:md5,d41d8cd98f00b204e9800998ecf8427e"
                    ]
                ],
                "flagstat": [
                    [
                        {
                            "id": "test",
                            "single_end": false
                        },
                        "test.flagstat:md5,67394650dbae96d1a4fcc70484822159"
                    ]
                ],
                "idxstats": [
                    [
                        {
                            "id": "test",
                            "single_end": false
                        },
                        "test.idxstats:md5,d41d8cd98f00b204e9800998ecf8427e"
                    ]
                ],
                "index": [
                    [
                        {
                            "id": "test",
                            "single_end": false
                        },
                        "test.Lb.bam.bai:md5,d41d8cd98f00b204e9800998ecf8427e"
                    ]
                ],
                "stats": [
                    [
                        {
                            "id": "test",
                            "single_end": false
                        },
                        "test.stats:md5,d41d8cd98f00b204e9800998ecf8427e"
                    ]
                ]
            }
        ],
        "timestamp": "2026-07-21T13:29:09.986480807",
        "meta": {
            "nf-test": "0.9.5",
            "nextflow": "26.04.6"
        }
    },
    "fastq_align_strobealign_paired_end": {
        "content": [
            [
                [
                    {
                        "id": "test",
                        "single_end": false
                    },
                    "test.stats:md5,450a86fb31befcd76d3b69dadd7f8367"
                ]
            ],
            [
                [
                    {
                        "id": "test",
                        "single_end": false
                    },
                    "test.flagstat:md5,49f3d51a8804ce58fe9cecd2549d279b"
                ]
            ],
            [
                [
                    {
                        "id": "test",
                        "single_end": false
                    },
                    "test.idxstats:md5,29ff2fa56d35b2a47625b8f517f1a947"
                ]
            ]
        ],
        "timestamp": "2026-07-21T13:50:02.194668998",
        "meta": {
            "nf-test": "0.9.5",
            "nextflow": "26.04.6"
        }
    }
}