{
    "sarscov2 + homo_sapiens - split fasta by genome - stub": {
        "content": [
            {
                "0": [
                    [
                        {
                            "id": "sarscov2"
                        },
                        "sarscov2_homo_sapiens.sarscov2.fasta:md5,d41d8cd98f00b204e9800998ecf8427e"
                    ]
                ],
                "1": [
                    [
                        {
                            "id": "sarscov2"
                        },
                        "sarscov2_homo_sapiens.homo_sapiens.fasta:md5,d41d8cd98f00b204e9800998ecf8427e"
                    ]
                ],
                "2": [
                    [
                        "FASTA_SPLIT_BY_GENOME",
                        "seqkit",
                        "2.13.0"
                    ]
                ],
                "endo_fasta": [
                    [
                        {
                            "id": "sarscov2"
                        },
                        "sarscov2_homo_sapiens.sarscov2.fasta:md5,d41d8cd98f00b204e9800998ecf8427e"
                    ]
                ],
                "exo_fasta": [
                    [
                        {
                            "id": "sarscov2"
                        },
                        "sarscov2_homo_sapiens.homo_sapiens.fasta:md5,d41d8cd98f00b204e9800998ecf8427e"
                    ]
                ],
                "versions_seqkit": [
                    [
                        "FASTA_SPLIT_BY_GENOME",
                        "seqkit",
                        "2.13.0"
                    ]
                ]
            }
        ],
        "timestamp": "2026-07-18T13:03:30.056824482",
        "meta": {
            "nf-test": "0.9.5",
            "nextflow": "26.04.4"
        }
    },
    "sarscov2 + homo_sapiens - split fasta by genome": {
        "content": [
            [
                [
                    {
                        "id": "sarscov2"
                    },
                    "sarscov2_homo_sapiens.sarscov2.fasta:md5,483f4a5dfe60171c86ee9b7e6dff908b"
                ]
            ],
            [
                [
                    {
                        "id": "sarscov2"
                    },
                    "sarscov2_homo_sapiens.homo_sapiens.fasta:md5,f315020d899597c1b57e5fe9f60f4c3e"
                ]
            ],
            {
                "versions_seqkit": [
                    [
                        "FASTA_SPLIT_BY_GENOME",
                        "seqkit",
                        "2.13.0"
                    ]
                ]
            }
        ],
        "timestamp": "2026-07-18T13:03:15.641702503",
        "meta": {
            "nf-test": "0.9.5",
            "nextflow": "26.04.4"
        }
    }
}