{
    "homo_sapiens - 4 replicates - pooled, quantile-normalized, rolling-mean smoothed": {
        "content": [
            {
                "0": [
                    [
                        {
                            "id": "test"
                        },
                        "test.RT.raw.bedGraph:md5,899c0eb7093e130802b21f279068bf2b"
                    ]
                ],
                "1": [
                    [
                        {
                            "id": "test"
                        },
                        "test.RT.smooth.bedGraph:md5,dce74177a340e0561d8b84535f8781f6"
                    ]
                ],
                "2": [
                    [
                        {
                            "id": "test"
                        },
                        "test.qc.txt:md5,cff1ad71713f8083d8771aa52c8a4526"
                    ]
                ],
                "3": [
                    [
                        {
                            "id": "test"
                        },
                        "rt_summary.tsv:md5,fb7fd3a4f786510557ea3b38def8e0ff"
                    ]
                ],
                "4": [
                    [
                        "REPLISEQ_RTNORMALIZE",
                        "r-base",
                        "4.5.3"
                    ]
                ],
                "qc": [
                    [
                        {
                            "id": "test"
                        },
                        "test.qc.txt:md5,cff1ad71713f8083d8771aa52c8a4526"
                    ]
                ],
                "raw": [
                    [
                        {
                            "id": "test"
                        },
                        "test.RT.raw.bedGraph:md5,899c0eb7093e130802b21f279068bf2b"
                    ]
                ],
                "smooth": [
                    [
                        {
                            "id": "test"
                        },
                        "test.RT.smooth.bedGraph:md5,dce74177a340e0561d8b84535f8781f6"
                    ]
                ],
                "summary": [
                    [
                        {
                            "id": "test"
                        },
                        "rt_summary.tsv:md5,fb7fd3a4f786510557ea3b38def8e0ff"
                    ]
                ],
                "versions_r": [
                    [
                        "REPLISEQ_RTNORMALIZE",
                        "r-base",
                        "4.5.3"
                    ]
                ]
            }
        ],
        "timestamp": "2026-08-20T09:39:00.568690299",
        "meta": {
            "nf-test": "0.9.5",
            "nextflow": "26.04.6"
        }
    },
    "homo_sapiens - 4 replicates - stub": {
        "content": [
            {
                "0": [
                    [
                        {
                            "id": "test"
                        },
                        "test.RT.raw.bedGraph:md5,d41d8cd98f00b204e9800998ecf8427e"
                    ]
                ],
                "1": [
                    [
                        {
                            "id": "test"
                        },
                        "test.RT.smooth.bedGraph:md5,d41d8cd98f00b204e9800998ecf8427e"
                    ]
                ],
                "2": [
                    [
                        {
                            "id": "test"
                        },
                        "test.qc.txt:md5,d41d8cd98f00b204e9800998ecf8427e"
                    ]
                ],
                "3": [
                    [
                        {
                            "id": "test"
                        },
                        "rt_summary.tsv:md5,d41d8cd98f00b204e9800998ecf8427e"
                    ]
                ],
                "4": [
                    [
                        "REPLISEQ_RTNORMALIZE",
                        "r-base",
                        "4.5.3"
                    ]
                ],
                "qc": [
                    [
                        {
                            "id": "test"
                        },
                        "test.qc.txt:md5,d41d8cd98f00b204e9800998ecf8427e"
                    ]
                ],
                "raw": [
                    [
                        {
                            "id": "test"
                        },
                        "test.RT.raw.bedGraph:md5,d41d8cd98f00b204e9800998ecf8427e"
                    ]
                ],
                "smooth": [
                    [
                        {
                            "id": "test"
                        },
                        "test.RT.smooth.bedGraph:md5,d41d8cd98f00b204e9800998ecf8427e"
                    ]
                ],
                "summary": [
                    [
                        {
                            "id": "test"
                        },
                        "rt_summary.tsv:md5,d41d8cd98f00b204e9800998ecf8427e"
                    ]
                ],
                "versions_r": [
                    [
                        "REPLISEQ_RTNORMALIZE",
                        "r-base",
                        "4.5.3"
                    ]
                ]
            }
        ],
        "timestamp": "2026-08-20T09:40:01.834012432",
        "meta": {
            "nf-test": "0.9.5",
            "nextflow": "26.04.6"
        }
    },
    "homo_sapiens - 4 replicates - CPM only, loess smoothed on the ratio": {
        "content": [
            {
                "0": [
                    [
                        {
                            "id": "test"
                        },
                        "test.RT.raw.bedGraph:md5,899c0eb7093e130802b21f279068bf2b"
                    ]
                ],
                "1": [
                    [
                        {
                            "id": "test"
                        },
                        "test.RT.smooth.bedGraph:md5,e7f446063ff2bb4365ee03f338199ca3"
                    ]
                ],
                "2": [
                    [
                        {
                            "id": "test"
                        },
                        "test.qc.txt:md5,8f5da0be429cb0da1f41f395e5b94986"
                    ]
                ],
                "3": [
                    [
                        {
                            "id": "test"
                        },
                        "rt_summary.tsv:md5,fb7fd3a4f786510557ea3b38def8e0ff"
                    ]
                ],
                "4": [
                    [
                        "REPLISEQ_RTNORMALIZE",
                        "r-base",
                        "4.5.3"
                    ]
                ],
                "qc": [
                    [
                        {
                            "id": "test"
                        },
                        "test.qc.txt:md5,8f5da0be429cb0da1f41f395e5b94986"
                    ]
                ],
                "raw": [
                    [
                        {
                            "id": "test"
                        },
                        "test.RT.raw.bedGraph:md5,899c0eb7093e130802b21f279068bf2b"
                    ]
                ],
                "smooth": [
                    [
                        {
                            "id": "test"
                        },
                        "test.RT.smooth.bedGraph:md5,e7f446063ff2bb4365ee03f338199ca3"
                    ]
                ],
                "summary": [
                    [
                        {
                            "id": "test"
                        },
                        "rt_summary.tsv:md5,fb7fd3a4f786510557ea3b38def8e0ff"
                    ]
                ],
                "versions_r": [
                    [
                        "REPLISEQ_RTNORMALIZE",
                        "r-base",
                        "4.5.3"
                    ]
                ]
            }
        ],
        "timestamp": "2026-08-20T09:38:38.027845903",
        "meta": {
            "nf-test": "0.9.5",
            "nextflow": "26.04.6"
        }
    },
    "homo_sapiens - 4 replicates - pipeline defaults (pooled, quantile-normalized, per-replicate loess)": {
        "content": [
            {
                "0": [
                    [
                        {
                            "id": "test"
                        },
                        "test.RT.raw.bedGraph:md5,899c0eb7093e130802b21f279068bf2b"
                    ]
                ],
                "1": [
                    [
                        {
                            "id": "test"
                        },
                        "test.RT.smooth.bedGraph:md5,4b959a182bdccc20bb953fa9621e7b3e"
                    ]
                ],
                "2": [
                    [
                        {
                            "id": "test"
                        },
                        "test.qc.txt:md5,813eb149bd91c6d582650a14798137cf"
                    ]
                ],
                "3": [
                    [
                        {
                            "id": "test"
                        },
                        "rt_summary.tsv:md5,fb7fd3a4f786510557ea3b38def8e0ff"
                    ]
                ],
                "4": [
                    [
                        "REPLISEQ_RTNORMALIZE",
                        "r-base",
                        "4.5.3"
                    ]
                ],
                "qc": [
                    [
                        {
                            "id": "test"
                        },
                        "test.qc.txt:md5,813eb149bd91c6d582650a14798137cf"
                    ]
                ],
                "raw": [
                    [
                        {
                            "id": "test"
                        },
                        "test.RT.raw.bedGraph:md5,899c0eb7093e130802b21f279068bf2b"
                    ]
                ],
                "smooth": [
                    [
                        {
                            "id": "test"
                        },
                        "test.RT.smooth.bedGraph:md5,4b959a182bdccc20bb953fa9621e7b3e"
                    ]
                ],
                "summary": [
                    [
                        {
                            "id": "test"
                        },
                        "rt_summary.tsv:md5,fb7fd3a4f786510557ea3b38def8e0ff"
                    ]
                ],
                "versions_r": [
                    [
                        "REPLISEQ_RTNORMALIZE",
                        "r-base",
                        "4.5.3"
                    ]
                ]
            }
        ],
        "timestamp": "2026-08-20T09:37:57.484380179",
        "meta": {
            "nf-test": "0.9.5",
            "nextflow": "26.04.6"
        }
    },
    "homo_sapiens - 4 replicates - paired replicate combination": {
        "content": [
            {
                "0": [
                    [
                        {
                            "id": "test"
                        },
                        "test.RT.raw.bedGraph:md5,02d1e0e2f8447ef27d4c2c1f5caca1d7"
                    ]
                ],
                "1": [
                    [
                        {
                            "id": "test"
                        },
                        "test.RT.smooth.bedGraph:md5,bf6f8f37f06c6b42d184a1dc01bdd71a"
                    ]
                ],
                "2": [
                    [
                        {
                            "id": "test"
                        },
                        "test.qc.txt:md5,2c90c25ec30616eb400f83f552cc1b04"
                    ]
                ],
                "3": [
                    [
                        {
                            "id": "test"
                        },
                        "rt_summary.tsv:md5,467b880845a910cf606b7d835fdb3833"
                    ]
                ],
                "4": [
                    [
                        "REPLISEQ_RTNORMALIZE",
                        "r-base",
                        "4.5.3"
                    ]
                ],
                "qc": [
                    [
                        {
                            "id": "test"
                        },
                        "test.qc.txt:md5,2c90c25ec30616eb400f83f552cc1b04"
                    ]
                ],
                "raw": [
                    [
                        {
                            "id": "test"
                        },
                        "test.RT.raw.bedGraph:md5,02d1e0e2f8447ef27d4c2c1f5caca1d7"
                    ]
                ],
                "smooth": [
                    [
                        {
                            "id": "test"
                        },
                        "test.RT.smooth.bedGraph:md5,bf6f8f37f06c6b42d184a1dc01bdd71a"
                    ]
                ],
                "summary": [
                    [
                        {
                            "id": "test"
                        },
                        "rt_summary.tsv:md5,467b880845a910cf606b7d835fdb3833"
                    ]
                ],
                "versions_r": [
                    [
                        "REPLISEQ_RTNORMALIZE",
                        "r-base",
                        "4.5.3"
                    ]
                ]
            }
        ],
        "timestamp": "2026-08-20T09:39:48.694556837",
        "meta": {
            "nf-test": "0.9.5",
            "nextflow": "26.04.6"
        }
    }
}