{
    "homo_sapiens - 3 fractions - replication-timing index": {
        "content": [
            {
                "0": [
                    [
                        {
                            "id": "test"
                        },
                        "test.RT.raw.bedGraph:md5,899c0eb7093e130802b21f279068bf2b"
                    ]
                ],
                "1": [
                    [
                        {
                            "id": "test"
                        },
                        "test.RT.smooth.bedGraph:md5,4b959a182bdccc20bb953fa9621e7b3e"
                    ]
                ],
                "2": [
                    [
                        {
                            "id": "test"
                        },
                        "test.RT.index.raw.bedGraph:md5,5d9c9c1757bff6650787293e52ce4b5c"
                    ]
                ],
                "3": [
                    [
                        {
                            "id": "test"
                        },
                        "test.RT.index.smooth.bedGraph:md5,642de0400f4cc9601ce7e543f33ff6cf"
                    ]
                ],
                "4": [
                    [
                        {
                            "id": "test"
                        },
                        "test.qc.txt:md5,c3e5dd2d8fec9c78dce22f5a9ec9137a"
                    ]
                ],
                "5": [
                    [
                        {
                            "id": "test"
                        },
                        "rt_summary.tsv:md5,fb7fd3a4f786510557ea3b38def8e0ff"
                    ]
                ],
                "6": [
                    [
                        "REPLISEQ_RTNORMALIZE",
                        "r-base",
                        "4.5.3"
                    ]
                ],
                "index_raw": [
                    [
                        {
                            "id": "test"
                        },
                        "test.RT.index.raw.bedGraph:md5,5d9c9c1757bff6650787293e52ce4b5c"
                    ]
                ],
                "index_smooth": [
                    [
                        {
                            "id": "test"
                        },
                        "test.RT.index.smooth.bedGraph:md5,642de0400f4cc9601ce7e543f33ff6cf"
                    ]
                ],
                "qc": [
                    [
                        {
                            "id": "test"
                        },
                        "test.qc.txt:md5,c3e5dd2d8fec9c78dce22f5a9ec9137a"
                    ]
                ],
                "raw": [
                    [
                        {
                            "id": "test"
                        },
                        "test.RT.raw.bedGraph:md5,899c0eb7093e130802b21f279068bf2b"
                    ]
                ],
                "smooth": [
                    [
                        {
                            "id": "test"
                        },
                        "test.RT.smooth.bedGraph:md5,4b959a182bdccc20bb953fa9621e7b3e"
                    ]
                ],
                "summary": [
                    [
                        {
                            "id": "test"
                        },
                        "rt_summary.tsv:md5,fb7fd3a4f786510557ea3b38def8e0ff"
                    ]
                ],
                "versions_r": [
                    [
                        "REPLISEQ_RTNORMALIZE",
                        "r-base",
                        "4.5.3"
                    ]
                ]
            }
        ],
        "timestamp": "2026-08-20T10:12:27.202881827",
        "meta": {
            "nf-test": "0.9.5",
            "nextflow": "26.04.6"
        }
    },
    "homo_sapiens - 4 replicates - pooled, quantile-normalized, rolling-mean smoothed": {
        "content": [
            {
                "0": [
                    [
                        {
                            "id": "test"
                        },
                        "test.RT.raw.bedGraph:md5,899c0eb7093e130802b21f279068bf2b"
                    ]
                ],
                "1": [
                    [
                        {
                            "id": "test"
                        },
                        "test.RT.smooth.bedGraph:md5,dce74177a340e0561d8b84535f8781f6"
                    ]
                ],
                "2": [
                    
                ],
                "3": [
                    
                ],
                "4": [
                    [
                        {
                            "id": "test"
                        },
                        "test.qc.txt:md5,3981304b149bd9fb64f306c3ba8b165e"
                    ]
                ],
                "5": [
                    [
                        {
                            "id": "test"
                        },
                        "rt_summary.tsv:md5,fb7fd3a4f786510557ea3b38def8e0ff"
                    ]
                ],
                "6": [
                    [
                        "REPLISEQ_RTNORMALIZE",
                        "r-base",
                        "4.5.3"
                    ]
                ],
                "index_raw": [
                    
                ],
                "index_smooth": [
                    
                ],
                "qc": [
                    [
                        {
                            "id": "test"
                        },
                        "test.qc.txt:md5,3981304b149bd9fb64f306c3ba8b165e"
                    ]
                ],
                "raw": [
                    [
                        {
                            "id": "test"
                        },
                        "test.RT.raw.bedGraph:md5,899c0eb7093e130802b21f279068bf2b"
                    ]
                ],
                "smooth": [
                    [
                        {
                            "id": "test"
                        },
                        "test.RT.smooth.bedGraph:md5,dce74177a340e0561d8b84535f8781f6"
                    ]
                ],
                "summary": [
                    [
                        {
                            "id": "test"
                        },
                        "rt_summary.tsv:md5,fb7fd3a4f786510557ea3b38def8e0ff"
                    ]
                ],
                "versions_r": [
                    [
                        "REPLISEQ_RTNORMALIZE",
                        "r-base",
                        "4.5.3"
                    ]
                ]
            }
        ],
        "timestamp": "2026-08-20T10:10:46.249491991",
        "meta": {
            "nf-test": "0.9.5",
            "nextflow": "26.04.6"
        }
    },
    "homo_sapiens - 4 replicates - stub": {
        "content": [
            {
                "0": [
                    [
                        {
                            "id": "test"
                        },
                        "test.RT.raw.bedGraph:md5,d41d8cd98f00b204e9800998ecf8427e"
                    ]
                ],
                "1": [
                    [
                        {
                            "id": "test"
                        },
                        "test.RT.smooth.bedGraph:md5,d41d8cd98f00b204e9800998ecf8427e"
                    ]
                ],
                "2": [
                    
                ],
                "3": [
                    
                ],
                "4": [
                    [
                        {
                            "id": "test"
                        },
                        "test.qc.txt:md5,d41d8cd98f00b204e9800998ecf8427e"
                    ]
                ],
                "5": [
                    [
                        {
                            "id": "test"
                        },
                        "rt_summary.tsv:md5,d41d8cd98f00b204e9800998ecf8427e"
                    ]
                ],
                "6": [
                    [
                        "REPLISEQ_RTNORMALIZE",
                        "r-base",
                        "4.5.3"
                    ]
                ],
                "index_raw": [
                    
                ],
                "index_smooth": [
                    
                ],
                "qc": [
                    [
                        {
                            "id": "test"
                        },
                        "test.qc.txt:md5,d41d8cd98f00b204e9800998ecf8427e"
                    ]
                ],
                "raw": [
                    [
                        {
                            "id": "test"
                        },
                        "test.RT.raw.bedGraph:md5,d41d8cd98f00b204e9800998ecf8427e"
                    ]
                ],
                "smooth": [
                    [
                        {
                            "id": "test"
                        },
                        "test.RT.smooth.bedGraph:md5,d41d8cd98f00b204e9800998ecf8427e"
                    ]
                ],
                "summary": [
                    [
                        {
                            "id": "test"
                        },
                        "rt_summary.tsv:md5,d41d8cd98f00b204e9800998ecf8427e"
                    ]
                ],
                "versions_r": [
                    [
                        "REPLISEQ_RTNORMALIZE",
                        "r-base",
                        "4.5.3"
                    ]
                ]
            }
        ],
        "timestamp": "2026-08-20T10:12:41.500985714",
        "meta": {
            "nf-test": "0.9.5",
            "nextflow": "26.04.6"
        }
    },
    "homo_sapiens - 4 replicates - CPM only, loess smoothed on the ratio": {
        "content": [
            {
                "0": [
                    [
                        {
                            "id": "test"
                        },
                        "test.RT.raw.bedGraph:md5,899c0eb7093e130802b21f279068bf2b"
                    ]
                ],
                "1": [
                    [
                        {
                            "id": "test"
                        },
                        "test.RT.smooth.bedGraph:md5,e7f446063ff2bb4365ee03f338199ca3"
                    ]
                ],
                "2": [
                    
                ],
                "3": [
                    
                ],
                "4": [
                    [
                        {
                            "id": "test"
                        },
                        "test.qc.txt:md5,47f46558ea456edf59adf45d02fd34fb"
                    ]
                ],
                "5": [
                    [
                        {
                            "id": "test"
                        },
                        "rt_summary.tsv:md5,fb7fd3a4f786510557ea3b38def8e0ff"
                    ]
                ],
                "6": [
                    [
                        "REPLISEQ_RTNORMALIZE",
                        "r-base",
                        "4.5.3"
                    ]
                ],
                "index_raw": [
                    
                ],
                "index_smooth": [
                    
                ],
                "qc": [
                    [
                        {
                            "id": "test"
                        },
                        "test.qc.txt:md5,47f46558ea456edf59adf45d02fd34fb"
                    ]
                ],
                "raw": [
                    [
                        {
                            "id": "test"
                        },
                        "test.RT.raw.bedGraph:md5,899c0eb7093e130802b21f279068bf2b"
                    ]
                ],
                "smooth": [
                    [
                        {
                            "id": "test"
                        },
                        "test.RT.smooth.bedGraph:md5,e7f446063ff2bb4365ee03f338199ca3"
                    ]
                ],
                "summary": [
                    [
                        {
                            "id": "test"
                        },
                        "rt_summary.tsv:md5,fb7fd3a4f786510557ea3b38def8e0ff"
                    ]
                ],
                "versions_r": [
                    [
                        "REPLISEQ_RTNORMALIZE",
                        "r-base",
                        "4.5.3"
                    ]
                ]
            }
        ],
        "timestamp": "2026-08-20T10:10:21.551076111",
        "meta": {
            "nf-test": "0.9.5",
            "nextflow": "26.04.6"
        }
    },
    "homo_sapiens - 4 replicates - pipeline defaults (pooled, quantile-normalized, per-replicate loess)": {
        "content": [
            {
                "0": [
                    [
                        {
                            "id": "test"
                        },
                        "test.RT.raw.bedGraph:md5,899c0eb7093e130802b21f279068bf2b"
                    ]
                ],
                "1": [
                    [
                        {
                            "id": "test"
                        },
                        "test.RT.smooth.bedGraph:md5,4b959a182bdccc20bb953fa9621e7b3e"
                    ]
                ],
                "2": [
                    
                ],
                "3": [
                    
                ],
                "4": [
                    [
                        {
                            "id": "test"
                        },
                        "test.qc.txt:md5,a6c31d38f17ae1deb7b80acff404225d"
                    ]
                ],
                "5": [
                    [
                        {
                            "id": "test"
                        },
                        "rt_summary.tsv:md5,fb7fd3a4f786510557ea3b38def8e0ff"
                    ]
                ],
                "6": [
                    [
                        "REPLISEQ_RTNORMALIZE",
                        "r-base",
                        "4.5.3"
                    ]
                ],
                "index_raw": [
                    
                ],
                "index_smooth": [
                    
                ],
                "qc": [
                    [
                        {
                            "id": "test"
                        },
                        "test.qc.txt:md5,a6c31d38f17ae1deb7b80acff404225d"
                    ]
                ],
                "raw": [
                    [
                        {
                            "id": "test"
                        },
                        "test.RT.raw.bedGraph:md5,899c0eb7093e130802b21f279068bf2b"
                    ]
                ],
                "smooth": [
                    [
                        {
                            "id": "test"
                        },
                        "test.RT.smooth.bedGraph:md5,4b959a182bdccc20bb953fa9621e7b3e"
                    ]
                ],
                "summary": [
                    [
                        {
                            "id": "test"
                        },
                        "rt_summary.tsv:md5,fb7fd3a4f786510557ea3b38def8e0ff"
                    ]
                ],
                "versions_r": [
                    [
                        "REPLISEQ_RTNORMALIZE",
                        "r-base",
                        "4.5.3"
                    ]
                ]
            }
        ],
        "timestamp": "2026-08-20T10:09:37.642925701",
        "meta": {
            "nf-test": "0.9.5",
            "nextflow": "26.04.6"
        }
    },
    "homo_sapiens - 4 replicates - paired replicate combination": {
        "content": [
            {
                "0": [
                    [
                        {
                            "id": "test"
                        },
                        "test.RT.raw.bedGraph:md5,02d1e0e2f8447ef27d4c2c1f5caca1d7"
                    ]
                ],
                "1": [
                    [
                        {
                            "id": "test"
                        },
                        "test.RT.smooth.bedGraph:md5,bf6f8f37f06c6b42d184a1dc01bdd71a"
                    ]
                ],
                "2": [
                    
                ],
                "3": [
                    
                ],
                "4": [
                    [
                        {
                            "id": "test"
                        },
                        "test.qc.txt:md5,9ff505bb1befab0b25b39ce749dea1d1"
                    ]
                ],
                "5": [
                    [
                        {
                            "id": "test"
                        },
                        "rt_summary.tsv:md5,467b880845a910cf606b7d835fdb3833"
                    ]
                ],
                "6": [
                    [
                        "REPLISEQ_RTNORMALIZE",
                        "r-base",
                        "4.5.3"
                    ]
                ],
                "index_raw": [
                    
                ],
                "index_smooth": [
                    
                ],
                "qc": [
                    [
                        {
                            "id": "test"
                        },
                        "test.qc.txt:md5,9ff505bb1befab0b25b39ce749dea1d1"
                    ]
                ],
                "raw": [
                    [
                        {
                            "id": "test"
                        },
                        "test.RT.raw.bedGraph:md5,02d1e0e2f8447ef27d4c2c1f5caca1d7"
                    ]
                ],
                "smooth": [
                    [
                        {
                            "id": "test"
                        },
                        "test.RT.smooth.bedGraph:md5,bf6f8f37f06c6b42d184a1dc01bdd71a"
                    ]
                ],
                "summary": [
                    [
                        {
                            "id": "test"
                        },
                        "rt_summary.tsv:md5,467b880845a910cf606b7d835fdb3833"
                    ]
                ],
                "versions_r": [
                    [
                        "REPLISEQ_RTNORMALIZE",
                        "r-base",
                        "4.5.3"
                    ]
                ]
            }
        ],
        "timestamp": "2026-08-20T10:11:35.153344063",
        "meta": {
            "nf-test": "0.9.5",
            "nextflow": "26.04.6"
        }
    }
}