{
    "sarscov2_bam_bai": {
        "content": [
            "b7be15ac7aae194b04bdbb56f3534495",
            [
                [
                    {
                        "id": "test"
                    },
                    "test.stats:md5,d380f38aa5cdd1dba32f84f6c152f490"
                ]
            ],
            [
                [
                    {
                        "id": "test"
                    },
                    "test.flagstat:md5,18d602435a02a4d721b78d1812622159"
                ]
            ],
            [
                [
                    {
                        "id": "test"
                    },
                    "test.idxstats:md5,85d20a901eef23ca50c323638a2eb602"
                ]
            ]
        ],
        "timestamp": "2026-02-03T11:34:24.268180227",
        "meta": {
            "nf-test": "0.9.3",
            "nextflow": "25.10.3"
        }
    },
    "split_by_chrom - stub": {
        "content": [
            {
                "0": [
                    [
                        {
                            "id": "test",
                            "split_count": 1
                        },
                        "test.bam:md5,d41d8cd98f00b204e9800998ecf8427e"
                    ]
                ],
                "1": [
                    [
                        {
                            "id": "test",
                            "split_id": "exo_and_scaff",
                            "chrom_list": [
                                "MT192765.1"
                            ],
                            "split_count": 1
                        },
                        "test.log:md5,d41d8cd98f00b204e9800998ecf8427e"
                    ]
                ],
                "2": [
                    [
                        {
                            "id": "test",
                            "split_id": "exo_and_scaff",
                            "chrom_list": [
                                "MT192765.1"
                            ],
                            "split_count": 1
                        },
                        "test_edit_distance.tsv:md5,d41d8cd98f00b204e9800998ecf8427e"
                    ]
                ],
                "3": [
                    [
                        {
                            "id": "test",
                            "split_id": "exo_and_scaff",
                            "chrom_list": [
                                "MT192765.1"
                            ],
                            "split_count": 1
                        },
                        "test_per_umi.tsv:md5,d41d8cd98f00b204e9800998ecf8427e"
                    ]
                ],
                "4": [
                    [
                        {
                            "id": "test",
                            "split_id": "exo_and_scaff",
                            "chrom_list": [
                                "MT192765.1"
                            ],
                            "split_count": 1
                        },
                        "test_per_position.tsv:md5,d41d8cd98f00b204e9800998ecf8427e"
                    ]
                ],
                "5": [
                    [
                        {
                            "id": "test",
                            "split_count": 1
                        },
                        "test.csi:md5,d41d8cd98f00b204e9800998ecf8427e"
                    ]
                ],
                "6": [
                    [
                        {
                            "id": "test",
                            "split_count": 1
                        },
                        "test.stats:md5,d41d8cd98f00b204e9800998ecf8427e"
                    ]
                ],
                "7": [
                    [
                        {
                            "id": "test",
                            "split_count": 1
                        },
                        "test.flagstat:md5,67394650dbae96d1a4fcc70484822159"
                    ]
                ],
                "8": [
                    [
                        {
                            "id": "test",
                            "split_count": 1
                        },
                        "test.idxstats:md5,d41d8cd98f00b204e9800998ecf8427e"
                    ]
                ],
                "bam": [
                    [
                        {
                            "id": "test",
                            "split_count": 1
                        },
                        "test.bam:md5,d41d8cd98f00b204e9800998ecf8427e"
                    ]
                ],
                "deduplog": [
                    [
                        {
                            "id": "test",
                            "split_id": "exo_and_scaff",
                            "chrom_list": [
                                "MT192765.1"
                            ],
                            "split_count": 1
                        },
                        "test.log:md5,d41d8cd98f00b204e9800998ecf8427e"
                    ]
                ],
                "flagstat": [
                    [
                        {
                            "id": "test",
                            "split_count": 1
                        },
                        "test.flagstat:md5,67394650dbae96d1a4fcc70484822159"
                    ]
                ],
                "idxstats": [
                    [
                        {
                            "id": "test",
                            "split_count": 1
                        },
                        "test.idxstats:md5,d41d8cd98f00b204e9800998ecf8427e"
                    ]
                ],
                "index": [
                    [
                        {
                            "id": "test",
                            "split_count": 1
                        },
                        "test.csi:md5,d41d8cd98f00b204e9800998ecf8427e"
                    ]
                ],
                "stats": [
                    [
                        {
                            "id": "test",
                            "split_count": 1
                        },
                        "test.stats:md5,d41d8cd98f00b204e9800998ecf8427e"
                    ]
                ],
                "tsv_edit_distance": [
                    [
                        {
                            "id": "test",
                            "split_id": "exo_and_scaff",
                            "chrom_list": [
                                "MT192765.1"
                            ],
                            "split_count": 1
                        },
                        "test_edit_distance.tsv:md5,d41d8cd98f00b204e9800998ecf8427e"
                    ]
                ],
                "tsv_per_umi": [
                    [
                        {
                            "id": "test",
                            "split_id": "exo_and_scaff",
                            "chrom_list": [
                                "MT192765.1"
                            ],
                            "split_count": 1
                        },
                        "test_per_umi.tsv:md5,d41d8cd98f00b204e9800998ecf8427e"
                    ]
                ],
                "tsv_umi_per_position": [
                    [
                        {
                            "id": "test",
                            "split_id": "exo_and_scaff",
                            "chrom_list": [
                                "MT192765.1"
                            ],
                            "split_count": 1
                        },
                        "test_per_position.tsv:md5,d41d8cd98f00b204e9800998ecf8427e"
                    ]
                ]
            }
        ],
        "timestamp": "2026-07-21T14:46:01.12144416",
        "meta": {
            "nf-test": "0.9.5",
            "nextflow": "26.04.6"
        }
    },
    "skip_split_by_chrom": {
        "content": [
            [
                [
                    {
                        "id": "test"
                    },
                    "test.stats:md5,3f0d6a79a103acaa746d0a9be747898e"
                ]
            ],
            [
                [
                    {
                        "id": "test"
                    },
                    "test.flagstat:md5,18d602435a02a4d721b78d1812622159"
                ]
            ],
            [
                [
                    {
                        "id": "test"
                    },
                    "test.idxstats:md5,85d20a901eef23ca50c323638a2eb602"
                ]
            ]
        ],
        "timestamp": "2026-07-21T14:30:25.743349467",
        "meta": {
            "nf-test": "0.9.5",
            "nextflow": "26.04.6"
        }
    },
    "skip_split_by_chrom - stub": {
        "content": [
            {
                "0": [
                    [
                        {
                            "id": "test"
                        },
                        "test.bam:md5,d41d8cd98f00b204e9800998ecf8427e"
                    ]
                ],
                "1": [
                    [
                        {
                            "id": "test"
                        },
                        "test.log:md5,d41d8cd98f00b204e9800998ecf8427e"
                    ]
                ],
                "2": [
                    [
                        {
                            "id": "test"
                        },
                        "test_edit_distance.tsv:md5,d41d8cd98f00b204e9800998ecf8427e"
                    ]
                ],
                "3": [
                    [
                        {
                            "id": "test"
                        },
                        "test_per_umi.tsv:md5,d41d8cd98f00b204e9800998ecf8427e"
                    ]
                ],
                "4": [
                    [
                        {
                            "id": "test"
                        },
                        "test_per_position.tsv:md5,d41d8cd98f00b204e9800998ecf8427e"
                    ]
                ],
                "5": [
                    [
                        {
                            "id": "test"
                        },
                        "test.bam.bai:md5,d41d8cd98f00b204e9800998ecf8427e"
                    ]
                ],
                "6": [
                    [
                        {
                            "id": "test"
                        },
                        "test.stats:md5,d41d8cd98f00b204e9800998ecf8427e"
                    ]
                ],
                "7": [
                    [
                        {
                            "id": "test"
                        },
                        "test.flagstat:md5,67394650dbae96d1a4fcc70484822159"
                    ]
                ],
                "8": [
                    [
                        {
                            "id": "test"
                        },
                        "test.idxstats:md5,d41d8cd98f00b204e9800998ecf8427e"
                    ]
                ],
                "bam": [
                    [
                        {
                            "id": "test"
                        },
                        "test.bam:md5,d41d8cd98f00b204e9800998ecf8427e"
                    ]
                ],
                "deduplog": [
                    [
                        {
                            "id": "test"
                        },
                        "test.log:md5,d41d8cd98f00b204e9800998ecf8427e"
                    ]
                ],
                "flagstat": [
                    [
                        {
                            "id": "test"
                        },
                        "test.flagstat:md5,67394650dbae96d1a4fcc70484822159"
                    ]
                ],
                "idxstats": [
                    [
                        {
                            "id": "test"
                        },
                        "test.idxstats:md5,d41d8cd98f00b204e9800998ecf8427e"
                    ]
                ],
                "index": [
                    [
                        {
                            "id": "test"
                        },
                        "test.bam.bai:md5,d41d8cd98f00b204e9800998ecf8427e"
                    ]
                ],
                "stats": [
                    [
                        {
                            "id": "test"
                        },
                        "test.stats:md5,d41d8cd98f00b204e9800998ecf8427e"
                    ]
                ],
                "tsv_edit_distance": [
                    [
                        {
                            "id": "test"
                        },
                        "test_edit_distance.tsv:md5,d41d8cd98f00b204e9800998ecf8427e"
                    ]
                ],
                "tsv_per_umi": [
                    [
                        {
                            "id": "test"
                        },
                        "test_per_umi.tsv:md5,d41d8cd98f00b204e9800998ecf8427e"
                    ]
                ],
                "tsv_umi_per_position": [
                    [
                        {
                            "id": "test"
                        },
                        "test_per_position.tsv:md5,d41d8cd98f00b204e9800998ecf8427e"
                    ]
                ]
            }
        ],
        "timestamp": "2026-07-21T14:30:57.123005652",
        "meta": {
            "nf-test": "0.9.5",
            "nextflow": "26.04.6"
        }
    },
    "split_by_chrom": {
        "content": [
            [
                [
                    {
                        "id": "test",
                        "split_count": 1
                    },
                    "test.stats:md5,3f0d6a79a103acaa746d0a9be747898e"
                ]
            ],
            [
                [
                    {
                        "id": "test",
                        "split_count": 1
                    },
                    "test.flagstat:md5,18d602435a02a4d721b78d1812622159"
                ]
            ],
            [
                [
                    {
                        "id": "test",
                        "split_count": 1
                    },
                    "test.idxstats:md5,85d20a901eef23ca50c323638a2eb602"
                ]
            ]
        ],
        "timestamp": "2026-07-21T14:45:32.062547184",
        "meta": {
            "nf-test": "0.9.5",
            "nextflow": "26.04.6"
        }
    },
    "sarscov2_bam_bai - stub": {
        "content": [
            {
                "0": [
                    [
                        {
                            "id": "test"
                        },
                        "test.bam:md5,d41d8cd98f00b204e9800998ecf8427e"
                    ]
                ],
                "1": [
                    [
                        {
                            "id": "test"
                        },
                        "test.log:md5,d41d8cd98f00b204e9800998ecf8427e"
                    ]
                ],
                "2": [
                    [
                        {
                            "id": "test"
                        },
                        "test_edit_distance.tsv:md5,d41d8cd98f00b204e9800998ecf8427e"
                    ]
                ],
                "3": [
                    [
                        {
                            "id": "test"
                        },
                        "test_per_umi.tsv:md5,d41d8cd98f00b204e9800998ecf8427e"
                    ]
                ],
                "4": [
                    [
                        {
                            "id": "test"
                        },
                        "test_per_position.tsv:md5,d41d8cd98f00b204e9800998ecf8427e"
                    ]
                ],
                "5": [
                    [
                        {
                            "id": "test"
                        },
                        "test.bam.bai:md5,d41d8cd98f00b204e9800998ecf8427e"
                    ]
                ],
                "6": [
                    
                ],
                "7": [
                    [
                        {
                            "id": "test"
                        },
                        "test.stats:md5,d41d8cd98f00b204e9800998ecf8427e"
                    ]
                ],
                "8": [
                    [
                        {
                            "id": "test"
                        },
                        "test.flagstat:md5,67394650dbae96d1a4fcc70484822159"
                    ]
                ],
                "9": [
                    [
                        {
                            "id": "test"
                        },
                        "test.idxstats:md5,d41d8cd98f00b204e9800998ecf8427e"
                    ]
                ],
                "bai": [
                    [
                        {
                            "id": "test"
                        },
                        "test.bam.bai:md5,d41d8cd98f00b204e9800998ecf8427e"
                    ]
                ],
                "bam": [
                    [
                        {
                            "id": "test"
                        },
                        "test.bam:md5,d41d8cd98f00b204e9800998ecf8427e"
                    ]
                ],
                "csi": [
                    
                ],
                "deduplog": [
                    [
                        {
                            "id": "test"
                        },
                        "test.log:md5,d41d8cd98f00b204e9800998ecf8427e"
                    ]
                ],
                "flagstat": [
                    [
                        {
                            "id": "test"
                        },
                        "test.flagstat:md5,67394650dbae96d1a4fcc70484822159"
                    ]
                ],
                "idxstats": [
                    [
                        {
                            "id": "test"
                        },
                        "test.idxstats:md5,d41d8cd98f00b204e9800998ecf8427e"
                    ]
                ],
                "stats": [
                    [
                        {
                            "id": "test"
                        },
                        "test.stats:md5,d41d8cd98f00b204e9800998ecf8427e"
                    ]
                ],
                "tsv_edit_distance": [
                    [
                        {
                            "id": "test"
                        },
                        "test_edit_distance.tsv:md5,d41d8cd98f00b204e9800998ecf8427e"
                    ]
                ],
                "tsv_per_umi": [
                    [
                        {
                            "id": "test"
                        },
                        "test_per_umi.tsv:md5,d41d8cd98f00b204e9800998ecf8427e"
                    ]
                ],
                "tsv_umi_per_position": [
                    [
                        {
                            "id": "test"
                        },
                        "test_per_position.tsv:md5,d41d8cd98f00b204e9800998ecf8427e"
                    ]
                ]
            }
        ],
        "timestamp": "2026-02-03T11:13:20.927345248",
        "meta": {
            "nf-test": "0.9.3",
            "nextflow": "25.10.3"
        }
    }
}