{
    "sarscov2 - summary table - no spikein": {
        "content": [
            [
                "final_samtools_stats_summary.tsv:md5,763ad2082b160bf1182ed6094a40909d"
            ],
            {
                "versions_r": [
                    [
                        "STATS_SUMMARY",
                        "r-base",
                        "4.4.3"
                    ]
                ]
            }
        ],
        "timestamp": "2026-07-17T10:04:15.87512103",
        "meta": {
            "nf-test": "0.9.5",
            "nextflow": "26.04.6"
        }
    },
    "sarscov2 - summary table - no spikein - stub": {
        "content": [
            {
                "0": [
                    "final_samtools_stats_summary.tsv:md5,d41d8cd98f00b204e9800998ecf8427e"
                ],
                "1": [
                    [
                        "STATS_SUMMARY",
                        "r-base",
                        "4.4.3"
                    ]
                ],
                "tsv": [
                    "final_samtools_stats_summary.tsv:md5,d41d8cd98f00b204e9800998ecf8427e"
                ],
                "versions_r": [
                    [
                        "STATS_SUMMARY",
                        "r-base",
                        "4.4.3"
                    ]
                ]
            }
        ],
        "timestamp": "2026-07-17T10:04:28.179882151",
        "meta": {
            "nf-test": "0.9.5",
            "nextflow": "26.04.6"
        }
    }
}